Command: C:\Users\Wipat\.espressif\python_env\idf5.5_py3.11_env\Scripts\python.exe C:\Users\Wipat\esp\v5.5.1\esp-idf\tools/idf_monitor.py -p COM4 -b 115200 --toolchain-prefix xtensa-esp32-elf- --target esp32 --revision 0 C:\Users\Wipat\Lap09_spacial\Week-09-Special_topics_2568\ex2LEDPatterns\build\ex2LEDPatterns.elf C:\Users\Wipat\Lap09_spacial\Week-09-Special_topics_2568\ex2LEDPatterns\build\bootloader\bootloader.elf --force-color -m 'C:\Users\Wipat\.espressif\python_env\idf5.5_py3.11_env\Scripts\python.exe' 'C:\Users\Wipat\esp\v5.5.1\esp-idf\tools\idf.py'
Hï¿½"%=5
[0;32mI (40) bets Jun  8 2016 00:22:57[0m

rst:0x1 (POWERON_RESET),boot:0x12 (SPI_FAST_FLASH_BOOT)
configsip: 0, SPIWP:0xee
clk_drv:0x00,q_drv:0x00,d_drv:0x00,cs0_drv:0x00,hd_drv:0x00,wp_drv:0x00
mode:DIO, clock div:2
load:0x3fff0030,len:6380
ho 0 tail 12 room 4
load:0x40078000,len:15916
load:0x40080400,len:3860
entry 0x40080638
[0;32mI (29) boot: ESP-IDF v5.5.1 2nd stage bootloader[0m
[0;32mI (29) boot: compile time Sep  8 2025 14:58:16[0m
[0;32mI (29) boot: Multicore bootloader[0m
[0;32mI (30) boot: chip revision: v1.0[0m
[0;32mI (33) boot.esp32: SPI Speed      : 40MHz[0m
[0;32mI (37) boot.esp32: SPI Mode       : DIO[0m
[0;32mI (40) boot.esp32: SPI Flash Size : 2MB[0m
[0;32mI (44) boot: Enabling RNG early entropy source...[0m
[0;32mI (48) boot: Partition Table:[0m
[0;32mI (51) boot: ## Label            Usage          Type ST Offset   Length[0m
[0;32mI (57) boot:  0 nvs              WiFi data        01 02 00009000 00006000[0m
[0;32mI (64) boot:  1 phy_init         RF data          01 01 0000f000 00001000[0m
[0;32mI (70) boot:  2 factory          factory app      00 00 00010000 00100000[0m
[0;32mI (77) boot: End of partition table[0m
[0;32mI (80) esp_image: segment 0: paddr=00010020 vaddr=3f400020 size=0b3d8h ( 46040) map[0m
[0;32mI (103) esp_image: segment 1: paddr=0001b400 vaddr=3ffb0000 size=023f8h (  9208) load[0m
[0;32mI (107) esp_image: segment 2: paddr=0001d800 vaddr=40080000 size=02818h ( 10264) load[0m
[0;32mI (111) esp_image: segment 3: paddr=00020020 vaddr=400d0020 size=16ebch ( 93884) map[0m
[0;32mI (147) esp_image: segment 4: paddr=00036ee4 vaddr=40082818 size=0b82ch ( 47148) load[0m
[0;32mI (165) esp_image: segment 5: paddr=00042718 vaddr=50000000 size=00020h (    32) load[0m
[0;32mI (173) boot: Loaded app from partition at offset 0x10000[0m
[0;32mI (173) boot: Disabling RNG early entropy source...[0m
[0;32mI (184) cpu_start: Multicore app[0m
[0;32mI (192) cpu_start: Pro cpu start user code[0m
[0;32mI (192) cpu_start: cpu freq: 160000000 Hz[0m
[0;32mI (192) app_init: Application information:[0m
[0;32mI (192) app_init: Project name:     ex2LEDPatterns[0m
[0;32mI (197) app_init: App version:      9bc9b1a-dirty[0m
[0;32mI (201) app_init: Compile time:     Sep  8 2025 14:57:44[0m
[0;32mI (206) app_init: ELF file SHA256:  aa7738326...[0m
[0;32mI (210) app_init: ESP-IDF:          v5.5.1[0m
[0;32mI (214) efuse_init: Min chip rev:     v0.0[0m
[0;32mI (218) efuse_init: Max chip rev:     v3.99 [0m
[0;32mI (222) efuse_init: Chip rev:         v1.0[0m
[0;32mI (226) heap_init: Initializing. RAM available for dynamic allocation:[0m
[0;32mI (232) heap_init: At 3FFAE6E0 len 00001920 (6 KiB): DRAM[0m
[0;32mI (237) heap_init: At 3FFB2CD0 len 0002D330 (180 KiB): DRAM[0m
[0;32mI (242) heap_init: At 3FFE0440 len 00003AE0 (14 KiB): D/IRAM[0m
[0;32mI (248) heap_init: At 3FFE4350 len 0001BCB0 (111 KiB): D/IRAM[0m
[0;32mI (253) heap_init: At 4008E044 len 00011FBC (71 KiB): IRAM[0m
[0;32mI (260) spi_flash: detected chip: generic[0m
[0;32mI (262) spi_flash: flash io: dio[0m
[0;33mW (265) spi_flash: Detected size(4096k) larger than the size in the binary image header(2048k). Using the size in the binary image header.[0m
[0;32mI (278) main_task: Started on CPU0[0m
[0;32mI (288) main_task: Calling app_main()[0m
[0;32mI (288) LED_CONTROL: ESP32 3-LED Patterns (prI (298) LED_CONTROL: Controls: a=Knight Rider, b=Binary Counter, c=Random, h=Help[0m
[0;32mI (298) main_task: Returned from app_main()[0m
[0;32mI (8388) LED_CONTROL: Mode -> Knight Rider[0m
[0;32mI (32878) LED_CONTROL: Mode -> Random Blinking[0m
[0;32mI (34788) LED_CONTROL: Controls: a=Knight Rider, b=Binary Counter, c=Random, h=Help[0m
[0;32mI (37708) LED_CONTROL: Mode -> Knight Rider[0m
[0;32mI (38408) LED_CONTROL: Mode -> Binary Counter[0m
[0;32mI (39208) LED_CONTROL: Mode -> Random Blinking[0m
