Command: C:\Users\Wipat\.espressif\python_env\idf5.5_py3.11_env\Scripts\python.exe C:\Users\Wipat\esp\v5.5.1\esp-idf\tools/idf_monitor.py -p COM4 -b 115200 --toolchain-prefix xtensa-esp32-elf- --target esp32 --revision 0 C:\Users\Wipat\Lap09_spacial\Week-09-Special_topics_2568\ex1MultipleLEDs\build\ex1MultipleLEDs.elf C:\Users\Wipat\Lap09_spacial\Week-09-Special_topics_2568\ex1MultipleLEDs\build\bootloader\bootloader.elf --force-color -m 'C:\Users\Wipat\.espressif\python_env\idf5.5_py3.11_env\Scripts\python.exe' 'C:\Users\Wipat\esp\v5.5.1\esp-idf\tools\idf.py'
  : DIO
[0;32mI (40) booï¿½ets Jun  8 2016 00:22:57[0m

rst:0x1 (POWERON_RESET),boot:0x13 (SPI_FAST_FLASH_BOOT)
configsip: 0, SPIWP:0xee
clk_drv:0x00,q_drv:0x00,d_drv:0x00,cs0_drv:0x00,hd_drv:0x00,wp_drv:0x00
mode:DIO, clock div:2
load:0x3fff0030,len:6380
ho 0 tail 12 room 4
load:0x40078000,len:15916
load:0x40080400,len:3860
entry 0x40080638
[0;32mI (29) boot: ESP-IDF v5.5.1 2nd stage bootloader[0m
[0;32mI (29) boot: compile time Sep  8 2025 14:15:13[0m
[0;32mI (29) boot: Multicore bootloader[0m
[0;32mI (30) boot: chip revision: v1.0[0m
[0;32mI (33) boot.esp32: SPI Speed      : 40MHz[0m
[0;32mI (37) boot.esp32: SPI Mode       : DIO[0m
[0;32mI (40) boot.esp32: SPI Flash Size : 2MB[0m
[0;32mI (44) boot: Enabling RNG early entropy source...[0m
[0;32mI (48) boot: Partition Table:[0m
[0;32mI (51) boot: ## Label            Usage          Type ST Offset   Length[0m
[0;32mI (57) boot:  0 nvs              WiFi data        01 02 00009000 00006000[0m
[0;32mI (64) boot:  1 phy_init         RF data          01 01 0000f000 00001000[0m
[0;32mI (70) boot:  2 factory          factory app      00 00 00010000 00100000[0m
[0;32mI (77) boot: End of partition table[0m
[0;32mI (80) esp_image: segment 0: paddr=00010020 vaddr=3f400020 size=0a340h ( 41792) map[0m
[0;32mI (102) esp_image: segment 1: paddr=0001a368 vaddr=3ffb0000 size=023f8h (  9208) load[0m
[0;32mI (106) esp_image: segment 2: paddr=0001c768 vaddr=40080000 size=038b0h ( 14512) load[0m
[0;32mI (112) esp_image: segment 3: paddr=00020020 vaddr=400d0020 size=14698h ( 83608) map[0m
[0;32mI (142) esp_image: segment 4: paddr=000346c0 vaddr=400838b0 size=09700h ( 38656) load[0m
[0;32mI (157) esp_image: segment 5: paddr=0003ddc8 vaddr=50000000 size=00020h (    32) load[0m
[0;32mI (164) boot: Loaded app from partition at offset 0x10000[0m
[0;32mI (164) boot: Disabling RNG early entropy source...[0m
[0;32mI (175) cpu_start: Multicore app[0m
[0;32mI (184) cpu_start: Pro cpu start user code[0m
[0;32mI (184) cpu_start: cpu freq: 160000000 Hz[0m
[0;32mI (184) app_init: Application information:[0m
[0;32mI (184) app_init: Project name:     ex1MultipleLEDs[0m
[0;32mI (188) app_init: App version:      9bc9b1a-dirty[0m
[0;32mI (193) app_init: Compile time:     Sep  8 2025 14:13:53[0m
[0;32mI (198) app_init: ELF file SHA256:  fb5bca76f...[0m
[0;32mI (202) app_init: ESP-IDF:          v5.5.1[0m
[0;32mI (206) efuse_init: Min chip rev:     v0.0[0m
[0;32mI (210) efuse_init: Max chip rev:     v3.99 [0m
[0;32mI (214) efuse_init: Chip rev:         v1.0[0m
[0;32mI (218) heap_init: Initializing. RAM available for dynamic allocation:[0m
[0;32mI (224) heap_init: At 3FFAE6E0 len 00001920 (6 KiB): DRAM[0m
[0;32mI (229) heap_init: At 3FFB2CC0 len 0002D340 (180 KiB): DRAM[0m
[0;32mI (234) heap_init: At 3FFE0440 len 00003AE0 (14 KiB): D/IRAM[0m
[0;32mI (240) heap_init: At 3FFE4350 len 0001BCB0 (111 KiB): D/IRAM[0m
[0;32mI (245) heap_init: At 4008CFB0 len 00013050 (76 KiB): IRAM[0m
[0;32mI (252) spi_flash: detected chip: generic[0m
[0;32mI (254) spi_flash: flash io: dio[0m
[0;33mW (257) spi_flash: Detected size(4096k) larger than the size in the binary image header(2048k). Using the size in the binary image header.[0m
[0;32mI (270) main_task: Started on CPU0[0m
[0;32mI (280) main_task: Calling app_main()[0m
[0;32mI (280) LED_CONTROL: ESP32 3-LED Control Demo Started[0m
[0;32mI (280) LED_CONTROL: Initializing LEDs on GPIOs 2, 4, and 5[0m
[0;32mI (280) LED_CONTROL: LED initialization completed[0m
[0;32mI (290) LED_CONTROL: LEDs are ON[0m
[0;32mI (290) LED_CONTROL: LED blink task created[0m
[0;32mI (290) main_task: Returned from app_main()[0m
[0;32mI (1290) LED_CONTROL: LEDs are OFF[0m
[0;32mI (2290) LED_CONTROL: LEDs are ON[0m
[0;32mI (3290) LED_CONTROL: LEDs are OFF[0m
[0;32mI (4290) LED_CONTROL: LEDs are ON[0m
[0;32mI (5290) LED_CONTROL: LEDs are OFF[0m
[0;32mI (6290) LED_CONTROL: LEDs are ON[0m
[0;32mI (7290) LED_CONTROL: LEDs are OFF[0m
[0;32mI (8290) LED_CONTROL: LEDs are ON[0m
[0;32mI (9290) LED_CONTROL: LEDs are OFF[0m
[0;32mI (10290) LED_CONTROL: LEDs are ON[0m
[0;32mI (11290) LED_CONTROL: LEDs are OFF[0m
[0;32mI (12290) LED_CONTROL: LEDs are ON[0m
[0;32mI (13290) LED_CONTROL: LEDs are OFF[0m
[0;32mI (14290) LED_CONTROL: LEDs are ON[0m
[0;32mI (15290) LED_CONTROL: LEDs are OFF[0m
[0;32mI (16290) LED_CONTROL: LEDs are ON[0m
[0;32mI (17290) LED_CONTROL: LEDs are OFF[0m
[0;32mI (18290) LED_CONTROL: LEDs are ON[0m
[0;32mI (19290) LED_CONTROL: LEDs are OFF[0m
[0;32mI (20290) LED_CONTROL: LEDs are ON[0m
[0;32mI (21290) LED_CONTROL: LEDs are OFF[0m
[0;32mI (22290) LED_CONTROL: LEDs are ON[0m
[0;32mI (23290) LED_CONTROL: LEDs are OFF[0m
[0;32mI (24290) LED_CONTROL: LEDs are ON[0m
[0;32mI (25290) LED_CONTROL: LEDs are OFF[0m
[0;32mI (26290) LED_CONTROL: LEDs are ON[0m
[0;32mI (27290) LED_CONTROL: LEDs are OFF[0m
[0;32mI (28290) LED_CONTROL: LEDs are ON[0m
[0;32mI (29290) LED_CONTROL: LEDs are OFF[0m
[0;32mI (30290) LED_CONTROL: LEDs are ON[0m
[0;32mI (31290) LED_CONTROL: LEDs are OFF[0m
[0;32mI (32290) LED_CONTROL: LEDs are ON[0m
[0;32mI (33290) LED_CONTROL: LEDs are OFF[0m
[0;32mI (34290) LED_CONTROL: LEDs are ON[0m
[0;32mI (35290) LED_CONTROL: LEDs are OFF[0m
[0;32mI (36290) LED_CONTROL: LEDs are ON[0m
[0;32mI (37290) LED_CONTROL: LEDs are OFF[0m
[0;32mI (38290) LED_CONTROL: LEDs are ON[0m
[0;32mI (39290) LED_CONTROL: LEDs are OFF[0m
[0;32mI (40290) LED_CONTROL: LEDs are ON[0m
[0;32mI (41290) LED_CONTROL: LEDs are OFF[0m
[0;32mI (42290) LED_CONTROL: LEDs are ON[0m
[0;32mI (43290) LED_CONTROL: LEDs are OFF[0m
[0;32mI (44290) LED_CONTROL: LEDs are ON[0m
[0;32mI (45290) LED_CONTROL: LEDs are OFF[0m
[0;32mI (46290) LED_CONTROL: LEDs are ON[0m
[0;32mI (47290) LED_CONTROL: LEDs are OFF[0m
[0;32mI (48290) LED_CONTROL: LEDs are ON[0m
[0;32mI (49290) LED_CONTROL: LEDs are OFF[0m
[0;32mI (50290) LED_CONTROL: LEDs are ON[0m
[0;32mI (51290) LED_CONTROL: LEDs are OFF[0m
[0;32mI (52290) LED_CONTROL: LEDs are ON[0m
[0;32mI (53290) LED_CONTROL: LEDs are OFF[0m
[0;32mI (54290) LED_CONTROL: LEDs are ON[0m
[0;32mI (55290) LED_CONTROL: LEDs are OFF[0m
[0;32mI (56290) LED_CONTROL: LEDs are ON[0m
[0;32mI (57290) LED_CONTROL: LEDs are OFF[0m
[0;32mI (58290) LED_CONTROL: LEDs are ON[0m
[0;32mI (59290) LED_CONTROL: LEDs are OFF[0m
[0;32mI (60290) LED_CONTROL: LEDs are ON[0m
[0;32mI (61290) LED_CONTROL: LEDs are OFF[0m
[0;32mI (62290) LED_CONTROL: LEDs are ON[0m
[0;32mI (63290) LED_CONTROL: LEDs are OFF[0m
[0;32mI (64290) LED_CONTROL: LEDs are ON[0m
[0;32mI (65290) LED_CONTROL: LEDs are OFF[0m
[0;32mI (66290) LED_CONTROL: LEDs are ON[0m
[0;32mI (67290) LED_CONTROL: LEDs are OFF[0m
[0;32mI (68290) LED_CONTROL: LEDs are ON[0m
[0;32mI (69290) LED_CONTROL: LEDs are OFF[0m
[0;32mI (70290) LED_CONTROL: LEDs are ON[0m
[0;32mI (71290) LED_CONTROL: LEDs are OFF[0m
[0;32mI (72290) LED_CONTROL: LEDs are ON[0m
[0;32mI (73290) LED_CONTROL: LEDs are OFF[0m
[0;32mI (74290) LED_CONTROL: LEDs are ON[0m
[0;32mI (75290) LED_CONTROL: LEDs are OFF[0m
[0;32mI (76290) LED_CONTROL: LEDs are ON[0m
[0;32mI (77290) LED_CONTROL: LEDs are OFF[0m
[0;32mI (78290) LED_CONTROL: LEDs are ON[0m
[0;32mI (79290) LED_CONTROL: LEDs are OFF[0m
[0;32mI (80290) LED_CONTROL: LEDs are ON[0m
[0;32mI (81290) LED_CONTROL: LEDs are OFF[0m
[0;32mI (82290) LED_CONTROL: LEDs are ON[0m
[0;32mI (83290) LED_CONTROL: LEDs are OFF[0m
[0;32mI (84290) LED_CONTROL: LEDs are ON[0m
[0;32mI (85290) LED_CONTROL: LEDs are OFF[0m
[0;32mI (86290) LED_CONTROL: LEDs are ON[0m
[0;32mI (87290) LED_CONTROL: LEDs are OFF[0m
[0;32mI (88290) LED_CONTROL: LEDs are ON[0m
[0;32mI (89290) LED_CONTROL: LEDs are OFF[0m
[0;32mI (90290) LED_CONTROL: LEDs are ON[0m
[0;32mI (91290) LED_CONTROL: LEDs are OFF[0m
[0;32mI (92290) LED_CONTROL: LEDs are ON[0m
[0;32mI (93290) LED_CONTROL: LEDs are OFF[0m
[0;32mI (94290) LED_CONTROL: LEDs are ON[0m
[0;32mI (95290) LED_CONTROL: LEDs are OFF[0m
[0;32mI (96290) LED_CONTROL: LEDs are ON[0m
[0;32mI (97290) LED_CONTROL: LEDs are OFF[0m
[0;32mI (98290) LED_CONTROL: LEDs are ON[0m
[0;32mI (99290) LED_CONTROL: LEDs are OFF[0m
[0;32mI (100290) LED_CONTROL: LEDs are ON[0m
[0;32mI (101290) LED_CONTROL: LEDs are OFF[0m
[0;32mI (102290) LED_CONTROL: LEDs are ON[0m
[0;32mI (103290) LED_CONTROL: LEDs are OFF[0m
[0;32mI (104290) LED_CONTROL: LEDs are ON[0m
[0;32mI (105290) LED_CONTROL: LEDs are OFF[0m
[0;32mI (106290) LED_CONTROL: LEDs are ON[0m
[0;32mI (107290) LED_CONTROL: LEDs are OFF[0m
[0;32mI (108290) LED_CONTROL: LEDs are ON[0m
[0;32mI (109290) LED_CONTROL: LEDs are OFF[0m
[0;32mI (110290) LED_CONTROL: LEDs are ON[0m
[0;32mI (111290) LED_CONTROL: LEDs are OFF[0m
[0;32mI (112290) LED_CONTROL: LEDs are ON[0m
[0;32mI (113290) LED_CONTROL: LEDs are OFF[0m
